// Vitest Snapshot v1

exports[`Props And Api Parsing > matctes raw parsed result 1`] = `
[
  {
    "description": "",
    "displayName": "StyledButton",
    "filePath": "/Users/hao/local/projj/github.com/phshy0607/docit/test/props/Button.tsx",
    "methods": [],
    "props": {},
    "tags": {},
  },
  {
    "description": "",
    "displayName": "Button",
    "filePath": "/Users/hao/local/projj/github.com/phshy0607/docit/test/props/Button.tsx",
    "methods": [],
    "props": {
      "color": {
        "declarations": [
          {
            "fileName": "docit/test/props/Button.tsx",
            "name": "ButtonProps",
          },
        ],
        "defaultValue": {
          "value": "grene",
        },
        "description": "一种颜色",
        "name": "color",
        "parent": {
          "fileName": "docit/test/props/Button.tsx",
          "name": "ButtonProps",
        },
        "required": false,
        "type": {
          "name": "string",
        },
      },
      "length": {
        "declarations": [
          {
            "fileName": "docit/test/props/Button.tsx",
            "name": "ButtonProps",
          },
        ],
        "defaultValue": {
          "value": "Length.Large",
        },
        "description": "",
        "name": "length",
        "parent": {
          "fileName": "docit/test/props/Button.tsx",
          "name": "ButtonProps",
        },
        "required": false,
        "type": {
          "name": "enum",
          "raw": "Length",
          "value": [
            {
              "description": "大",
              "fullComment": "大",
              "tags": {},
              "value": "5",
            },
            {
              "description": "中",
              "fullComment": "中",
              "tags": {},
              "value": "3",
            },
            {
              "description": "小",
              "fullComment": "小",
              "tags": {},
              "value": "1",
            },
          ],
        },
      },
      "variant": {
        "declarations": [
          {
            "fileName": "docit/test/props/Button.tsx",
            "name": "ButtonProps",
          },
        ],
        "defaultValue": null,
        "description": "",
        "name": "variant",
        "parent": {
          "fileName": "docit/test/props/Button.tsx",
          "name": "ButtonProps",
        },
        "required": true,
        "type": {
          "name": "enum",
          "raw": "\\"A\\" | \\"B\\" | \\"C\\"",
          "value": [
            {
              "value": "\\"A\\"",
            },
            {
              "value": "\\"B\\"",
            },
            {
              "value": "\\"C\\"",
            },
          ],
        },
      },
    },
    "tags": {},
  },
]
`;

exports[`Props And Api Parsing > parses result 1`] = `
[
  {
    "componentName": "StyledButton",
    "filePath": "/Users/hao/local/projj/github.com/phshy0607/docit/test/props/Button.tsx",
    "props": [],
  },
  {
    "componentName": "Button",
    "filePath": "/Users/hao/local/projj/github.com/phshy0607/docit/test/props/Button.tsx",
    "props": [
      {
        "defaultValue": "grene",
        "description": "一种颜色",
        "enums": undefined,
        "isEnum": false,
        "isRequired": false,
        "name": "color",
        "type": "string",
      },
      {
        "defaultValue": "Length.Large",
        "description": "",
        "enums": [
          {
            "description": "大",
            "value": "5",
          },
          {
            "description": "中",
            "value": "3",
          },
          {
            "description": "小",
            "value": "1",
          },
        ],
        "isEnum": true,
        "isRequired": false,
        "name": "length",
        "type": "Length",
      },
      {
        "defaultValue": undefined,
        "description": "",
        "enums": [
          {
            "description": undefined,
            "value": "\\"A\\"",
          },
          {
            "description": undefined,
            "value": "\\"B\\"",
          },
          {
            "description": undefined,
            "value": "\\"C\\"",
          },
        ],
        "isEnum": true,
        "isRequired": true,
        "name": "variant",
        "type": "\\"A\\" | \\"B\\" | \\"C\\"",
      },
    ],
  },
]
`;
